timeout : ERROR: Invalid syntax. Default option is not allowed more than '1' time(s).
At line:1 char:1
+ timeout 180 node backend/scraper-agent-233.js 2>&1 | Tee-Object -File ...
+ ~~~~~~~~~~~~~~~~~~~~~~~~~~~~~~~~~~~~~~~~~~~~~~~~~~
    + CategoryInfo          : NotSpecified: (ERROR: Invalid ...an '1' time(s).:String) [], RemoteException
    + FullyQualifiedErrorId : NativeCommandError
 
Type "TIMEOUT /?" for usage.
